#pragma once

#include <cinttypes>
#include <cstring>
#include <optional>
#include <span>
#include <string>
#include <tuple>
#include <vector>

#include "emb/network/node/node.hpp"
#include "emb/network/serialize/serializer.hpp"
#include "emb/network/transport/transporter.hpp"

#include "nlb/buffham/testdata/other_bh.hpp"

namespace nlb {
namespace buffham {
namespace testdata {

// This is a constant in the global scope
constexpr uint8_t kMyConstant = 4;
// Constants can be strings as well; they're interpreted with bare words
constexpr std::string_view kConstantString = "Hello, world!";  // constants can have inline comments
// Constants may reference other constants with {brackets}
constexpr uint16_t kComposedConstant = 2 + kMyConstant + nlb::buffham::testdata::kOtherConstant;

// Enums can be defined and are treated as uint8_t values
enum class Verbosity : uint8_t {
    LOW = 0,
    // Comment on MEDIUM
    MEDIUM = 1,  // Inline comment on MEDIUM
    HIGH = 2,
};

// A message comment
struct Ping {
    // Add some comments here
    uint8_t ping;

    std::span<uint8_t> serialize(std::span<uint8_t> buffer) const;

    static std::pair<Ping, std::span<const uint8_t> > deserialize(std::span<const uint8_t> buffer);
};

/*

A bunch of message comments,
in a block-like pattern.

All of these belong to `FlashPage`

 */
struct FlashPage {
    uint32_t address;
    // Another field comment
    std::vector<uint8_t> data;  // What about some in-line comments for fields?
    // This comment belongs to `read_size`
    std::optional<uint32_t> read_size;  // Fields can be marked optional

    std::span<uint8_t> serialize(std::span<uint8_t> buffer) const;

    static std::pair<FlashPage, std::span<const uint8_t> > deserialize(std::span<const uint8_t> buffer);
};

struct LogMessage {
    std::string message;
    Verbosity verbosity;
    nlb::buffham::testdata::MyEnum my_enum;

    std::span<uint8_t> serialize(std::span<uint8_t> buffer) const;

    static std::pair<LogMessage, std::span<const uint8_t> > deserialize(std::span<const uint8_t> buffer);
};

struct NestedMessage {
    std::optional<bool> flag;
    LogMessage message;
    std::vector<LogMessage> messages;
    std::vector<int32_t> numbers;
    Ping pong;
    nlb::buffham::testdata::Pong other_pong;

    std::span<uint8_t> serialize(std::span<uint8_t> buffer) const;

    static std::pair<NestedMessage, std::span<const uint8_t> > deserialize(std::span<const uint8_t> buffer);
};

// Lists can be composed of variable-length strings and bytes
struct StringLists {
    std::vector<std::string> messages;
    std::vector<std::vector<uint8_t>> buffers;

    std::span<uint8_t> serialize(std::span<uint8_t> buffer) const;

    static std::pair<StringLists, std::span<const uint8_t> > deserialize(std::span<const uint8_t> buffer);
};

class Sample {
  public:
    Sample();
    ~Sample();

    void initialize();

    template <emb::network::serialize::SerializerLike S,
                emb::network::transport::TransporterLike T, class... Projects>
    void register_handlers(emb::network::node::Node<S, T, Projects...> &node) {
        node.template register_handler<nlb::buffham::testdata::Pong, LogMessage>(1, std::bind(&Sample::ping, this, std::placeholders::_1));
        node.template register_handler<FlashPage, FlashPage>(2, std::bind(&Sample::flash_page, this, std::placeholders::_1));
        node.template register_handler<FlashPage, FlashPage>(3, std::bind(&Sample::read_flash_page, this, std::placeholders::_1));
    }

    LogMessage ping(const nlb::buffham::testdata::Pong &pong);
    // Transaction comment
    FlashPage flash_page(const FlashPage &flash_page);
    FlashPage read_flash_page(const FlashPage &flash_page);  // In-line transaction comment
  private:
    struct SampleImpl;
    SampleImpl *impl_;
};

enum PublishIds : uint8_t {
    // Publish comment
    LOG_MESSAGE = 4,  // In-line publish comment
};

}  // namespace nlb
}  // namespace buffham
}  // namespace testdata
